fernanda@debian:~$ pwd
/home/fernanda
fernanda@debian:~$ ls
'Área de trabalho'   Downloads   Modelos   Público
 Documentos          Imagens     Música    Vídeos
fernanda@debian:~$ ls -li
total 32
30126 drwxr-xr-x 2 fernanda fernanda 4096 mar  1 19:13 'Área de trabalho'
30130 drwxr-xr-x 2 fernanda fernanda 4096 mar  1 20:39  Documentos
30127 drwxr-xr-x 2 fernanda fernanda 4096 mar  1 19:13  Downloads
30132 drwxr-xr-x 2 fernanda fernanda 4096 mar  1 19:13  Imagens
30128 drwxr-xr-x 2 fernanda fernanda 4096 mar  1 19:13  Modelos
30131 drwxr-xr-x 2 fernanda fernanda 4096 mar  1 19:13  Música
30129 drwxr-xr-x 2 fernanda fernanda 4096 mar  1 19:13  Público
30133 drwxr-xr-x 2 fernanda fernanda 4096 mar  1 19:13  Vídeos
fernanda@debian:~$ cd 'Área de trabalho'
fernanda@debian:~/Área de trabalho$ cd ..
fernanda@debian:~$ mkdir -p  Documentos/novo
fernanda@debian:~$ rmdir novo
rmdir: falhou em remover 'novo': Arquivo ou diretório inexistente
fernanda@debian:~$ rmdir Documentos/novo
fernanda@debian:~$ mkdir -p Documentos/aluno/ComandosNavegacao
fernanda@debian:~$ rmdir Documentos/aluno/ComandosNavegacao
fernanda@debian:~$ mkdir -p Documentos/aula01/ComandosNavegacao
fernanda@debian:~$ mkdir -p Documentos/aula01/ComandosDiretorio
fernanda@debian:~$ mkdir -p Documentos/aula01/ComandosArquivos
fernanda@debian:~$ sudo apt-get install gedit
[sudo] senha para fernanda: 
Lendo listas de pacotes... Pronto
Construindo árvore de dependências       
Lendo informação de estado... Pronto
gedit is already the newest version (3.30.2-2).
gedit configurado para instalar manualmente.
0 pacotes atualizados, 0 pacotes novos instalados, 0 a serem removidos e 0 não atualizados.
fernanda@debian:~$ gedit
ls
fernanda@debian:~$ ls
'Área de trabalho'   Downloads   Modelos   Público
 Documentos          Imagens     Música    Vídeos
fernanda@debian:~$ ls -l
total 32
drwxr-xr-x 2 fernanda fernanda 4096 mar  1 19:13 'Área de trabalho'
drwxr-xr-x 4 fernanda fernanda 4096 mar  1 20:55  Documentos
drwxr-xr-x 2 fernanda fernanda 4096 mar  1 19:13  Downloads
drwxr-xr-x 2 fernanda fernanda 4096 mar  1 19:13  Imagens
drwxr-xr-x 2 fernanda fernanda 4096 mar  1 19:13  Modelos
drwxr-xr-x 2 fernanda fernanda 4096 mar  1 19:13  Música
drwxr-xr-x 2 fernanda fernanda 4096 mar  1 19:13  Público
drwxr-xr-x 2 fernanda fernanda 4096 mar  1 19:13  Vídeos
fernanda@debian:~$ ls Documentos
aluno  aula01  Documento1  Documento2  LINUX
fernanda@debian:~$ cd Documentos
fernanda@debian:~/Documentos$ cd aula01
fernanda@debian:~/Documentos/aula01$ cat Documento1 Documento2 > Documento3
cat: Documento1: Arquivo ou diretório inexistente
cat: Documento2: Arquivo ou diretório inexistente
fernanda@debian:~/Documentos/aula01$ catDocumento1Documento2>Documento3
bash: catDocumento1Documento2: comando não encontrado
fernanda@debian:~/Documentos/aula01$ cat Documento1Documento2>Documento3
cat: Documento1Documento2: Arquivo ou diretório inexistente
fernanda@debian:~/Documentos/aula01$ cat Documento1 Documentos2 > Documentos3
cat: Documentos2: Arquivo ou diretório inexistente
fernanda@debian:~/Documentos/aula01$ cat Documento1 Documento2 > Documento3
fernanda@debian:~/Documentos/aula01$ 
fernanda@debian:~$ cp Documento1 Documentos/aula01
cp: não foi possível obter estado de 'Documento1': Arquivo ou diretório inexistente
fernanda@debian:~$ cp Documentos/Documento1 Documentos/aula01
fernanda@debian:~$ ls
'Área de trabalho'   Documentos   Imagens   Música    Vídeos
 Documento3          Downloads    Modelos   Público
fernanda@debian:~$ ls -li
total 32
30126 drwxr-xr-x 2 fernanda fernanda 4096 mar  1 19:13 'Área de trabalho'
30351 -rw-r--r-- 1 fernanda fernanda    0 mar  1 20:58  Documento3
30130 drwxr-xr-x 4 fernanda fernanda 4096 mar  2 21:58  Documentos
30127 drwxr-xr-x 2 fernanda fernanda 4096 mar  1 19:13  Downloads
30132 drwxr-xr-x 2 fernanda fernanda 4096 mar  1 19:13  Imagens
30128 drwxr-xr-x 2 fernanda fernanda 4096 mar  1 19:13  Modelos
30131 drwxr-xr-x 2 fernanda fernanda 4096 mar  1 19:13  Música
30129 drwxr-xr-x 2 fernanda fernanda 4096 mar  1 19:13  Público
30133 drwxr-xr-x 2 fernanda fernanda 4096 mar  1 19:13  Vídeos
fernanda@debian:~$ cd Documentos
fernanda@debian:~/Documentos$ ls
aluno  aula01  Documento1  Documento2  LINUX
fernanda@debian:~/Documentos$ ls -li
total 16
30464 drwxr-xr-x 2 fernanda fernanda 4096 mar  1 20:51 aluno
30466 drwxr-xr-x 5 fernanda fernanda 4096 mar  2 22:01 aula01
30140 -rw-r--r-- 1 fernanda fernanda    7 mar  2 21:54 Documento1
30624 -rw-r--r-- 1 fernanda fernanda    8 mar  2 21:54 Documento2
30375 -rw-r--r-- 1 fernanda fernanda    0 mar  1 20:39 LINUX
fernanda@debian:~/Documentos$ 
fernanda@debian:~$ cp Documento1 Documentos/aula01
cp: não foi possível obter estado de 'Documento1': Arquivo ou diretório inexistente
fernanda@debian:~$ cp Documentos/Documento1 Documentos/aula01
fernanda@debian:~$ ls
'Área de trabalho'   Documentos   Imagens   Música    Vídeos
 Documento3          Downloads    Modelos   Público
fernanda@debian:~$ ls -li
total 32
30126 drwxr-xr-x 2 fernanda fernanda 4096 mar  1 19:13 'Área de trabalho'
30351 -rw-r--r-- 1 fernanda fernanda    0 mar  1 20:58  Documento3
30130 drwxr-xr-x 4 fernanda fernanda 4096 mar  2 21:58  Documentos
30127 drwxr-xr-x 2 fernanda fernanda 4096 mar  1 19:13  Downloads
30132 drwxr-xr-x 2 fernanda fernanda 4096 mar  1 19:13  Imagens
30128 drwxr-xr-x 2 fernanda fernanda 4096 mar  1 19:13  Modelos
30131 drwxr-xr-x 2 fernanda fernanda 4096 mar  1 19:13  Música
30129 drwxr-xr-x 2 fernanda fernanda 4096 mar  1 19:13  Público
30133 drwxr-xr-x 2 fernanda fernanda 4096 mar  1 19:13  Vídeos
fernanda@debian:~$ cd Documentos
fernanda@debian:~/Documentos$ ls
aluno  aula01  Documento1  Documento2  LINUX
fernanda@debian:~/Documentos$ ls -li
total 16
30464 drwxr-xr-x 2 fernanda fernanda 4096 mar  1 20:51 aluno
30466 drwxr-xr-x 5 fernanda fernanda 4096 mar  2 22:01 aula01
30140 -rw-r--r-- 1 fernanda fernanda    7 mar  2 21:54 Documento1
30624 -rw-r--r-- 1 fernanda fernanda    8 mar  2 21:54 Documento2
30375 -rw-r--r-- 1 fernanda fernanda    0 mar  1 20:39 LINUX
fernanda@debian:~/Documentos$ ls -li
total 16
30464 drwxr-xr-x 2 fernanda fernanda 4096 mar  1 20:51 aluno
30466 drwxr-xr-x 5 fernanda fernanda 4096 mar  2 22:05 aula01
30140 -rw-r--r-- 1 fernanda fernanda    7 mar  2 21:54 Documento1
30624 -rw-r--r-- 1 fernanda fernanda    8 mar  2 21:54 Documento2
30375 -rw-r--r-- 1 fernanda fernanda    0 mar  1 20:39 LINUX
fernanda@debian:~/Documentos$ rm Documentos/aula01/Documento1
rm: não foi possível remover 'Documentos/aula01/Documento1': Arquivo ou diretório inexistente
fernanda@debian:~/Documentos$ rm Documentos/aula01/Documento1
rm: não foi possível remover 'Documentos/aula01/Documento1': Arquivo ou diretório inexistente
fernanda@debian:~/Documentos$ cd ..
fernanda@debian:~$ rm Documentos/aula01/Documento1
fernanda@debian:~$ mv Documentos/aula01/Documento3 Documentos/aula01/ComandosArquivos
fernanda@debian:~$ ls
'Área de trabalho'   Documentos   Imagens   Música    Vídeos
 Documento3          Downloads    Modelos   Público
fernanda@debian:~$ dd if=Documentos/^C
fernanda@debian:~$ 
fernanda@debian:~$ cp Documento1 Documentos/aula01
cp: não foi possível obter estado de 'Documento1': Arquivo ou diretório inexistente
fernanda@debian:~$ cp Documentos/Documento1 Documentos/aula01
fernanda@debian:~$ ls
'Área de trabalho'   Documentos   Imagens   Música    Vídeos
 Documento3          Downloads    Modelos   Público
fernanda@debian:~$ ls -li
total 32
30126 drwxr-xr-x 2 fernanda fernanda 4096 mar  1 19:13 'Área de trabalho'
30351 -rw-r--r-- 1 fernanda fernanda    0 mar  1 20:58  Documento3
30130 drwxr-xr-x 4 fernanda fernanda 4096 mar  2 21:58  Documentos
30127 drwxr-xr-x 2 fernanda fernanda 4096 mar  1 19:13  Downloads
30132 drwxr-xr-x 2 fernanda fernanda 4096 mar  1 19:13  Imagens
30128 drwxr-xr-x 2 fernanda fernanda 4096 mar  1 19:13  Modelos
30131 drwxr-xr-x 2 fernanda fernanda 4096 mar  1 19:13  Música
30129 drwxr-xr-x 2 fernanda fernanda 4096 mar  1 19:13  Público
30133 drwxr-xr-x 2 fernanda fernanda 4096 mar  1 19:13  Vídeos
fernanda@debian:~$ cd Documentos
fernanda@debian:~/Documentos$ ls
aluno  aula01  Documento1  Documento2  LINUX
fernanda@debian:~/Documentos$ ls -li
total 16
30464 drwxr-xr-x 2 fernanda fernanda 4096 mar  1 20:51 aluno
30466 drwxr-xr-x 5 fernanda fernanda 4096 mar  2 22:01 aula01
30140 -rw-r--r-- 1 fernanda fernanda    7 mar  2 21:54 Documento1
30624 -rw-r--r-- 1 fernanda fernanda    8 mar  2 21:54 Documento2
30375 -rw-r--r-- 1 fernanda fernanda    0 mar  1 20:39 LINUX
fernanda@debian:~/Documentos$ ls -li
total 16
30464 drwxr-xr-x 2 fernanda fernanda 4096 mar  1 20:51 aluno
30466 drwxr-xr-x 5 fernanda fernanda 4096 mar  2 22:05 aula01
30140 -rw-r--r-- 1 fernanda fernanda    7 mar  2 21:54 Documento1
30624 -rw-r--r-- 1 fernanda fernanda    8 mar  2 21:54 Documento2
30375 -rw-r--r-- 1 fernanda fernanda    0 mar  1 20:39 LINUX
fernanda@debian:~/Documentos$ rm Documentos/aula01/Documento1
rm: não foi possível remover 'Documentos/aula01/Documento1': Arquivo ou diretório inexistente
fernanda@debian:~/Documentos$ rm Documentos/aula01/Documento1
rm: não foi possível remover 'Documentos/aula01/Documento1': Arquivo ou diretório inexistente
fernanda@debian:~/Documentos$ cd ..
fernanda@debian:~$ rm Documentos/aula01/Documento1
fernanda@debian:~$ mv Documentos/aula01/Documento3 Documentos/aula01/ComandosArquivos
fernanda@debian:~$ ls
'Área de trabalho'   Documentos   Imagens   Música    Vídeos
 Documento3          Downloads    Modelos   Público
fernanda@debian:~$ dd if=Documentos/^C
fernanda@debian:~$ fernanda@debian:~$ cp Documento1 Documentos/aula01
cp: não foi possível obter estado de 'Documento1': Arquivo ou diretório inexistente
fernanda@debian:~$ cp Documentos/Documento1 Documentos/aula01
fernanda@debian:~$ ls
'Área de trabalho'   Documentos   Imagens   Música    Vídeos
 Documento3          Downloads    Modelos   Público
fernanda@debian:~$ ls -li
total 32
30126 drwxr-xr-x 2 fernanda fernanda 4096 mar  1 19:13 'Área de trabalho'
30351 -rw-r--r-- 1 fernanda fernanda    0 mar  1 20:58  Documento3
30130 drwxr-xr-x 4 fernanda fernanda 4096 mar  2 21:58  Documentos
30127 drwxr-xr-x 2 fernanda fernanda 4096 mar  1 19:13  Downloads
30132 drwxr-xr-x 2 fernanda fernanda 4096 mar  1 19:13  Imagens
30128 drwxr-xr-x 2 fernanda fernanda 4096 mar  1 19:13  Modelos
30131 drwxr-xr-x 2 fernanda fernanda 4096 mar  1 19:13  Música
30129 drwxr-xr-x 2 fernanda fernanda 4096 mar  1 19:13  Público
30133 drwxr-xr-x 2 fernanda fernanda 4096 mar  1 19:13  Vídeos
fernanda@debian:~$ cd Documentos
fernanda@debian:~/Documentos$ ls
aluno  aula01  Documento1  Documento2  LINUX
fernanda@debian:~/Documentos$ ls -li
total 16
30464 drwxr-xr-x 2 fernanda fernanda 4096 mar  1 20:51 aluno
30466 drwxr-xr-x 5 fernanda fernanda 4096 mar  2 22:01 aula01
30140 -rw-r--r-- 1 fernanda fernanda    7 mar  2 21:54 Documento1
30624 -rw-r--r-- 1 fernanda fernanda    8 mar  2 21:54 Documento2
30375 -rw-r--r-- 1 fernanda fernanda    0 mar  1 20:39 LINUX
fernanda@debian:~/Documentos$ ls -li
total 16
30464 drwxr-xr-x 2 fernanda fernanda 4096 mar  1 20:51 aluno
30466 drwxr-xr-x 5 fernanda fernanda 4096 mar  2 22:05 aula01
30140 -rw-r--r-- 1 fernanda fernanda    7 mar  2 21:54 Documento1
30624 -rw-r--r-- 1 fernanda fernanda    8 mar  2 21:54 Documento2
30375 -rw-r--r-- 1 fernanda fernanda    0 mar  1 20:39 LINUX
fernanda@debian:~/Documentos$ rm Documentos/aula01/Documento1
rm: não foi possível remover 'Documentos/aula01/Documento1': Arquivo ou diretório inexistente
fernanda@debian:~/Documentos$ rm Documentos/aula01/Documento1
rm: não foi possível remover 'Documentos/aula01/Documento1': Arquivo ou diretório inexistente
fernanda@debian:~/Documentos$ cd ..
fernanda@debian:~$ rm Documentos/aula01/Documento1
fernanda@debian:~$ mv Documentos/aula01/Documento3 Documentos/aula01/ComandosArquivos
fernanda@debian:~$ ls
'Área de trabalho'   Documentos   Imagens   Música    Vídeos
 Documento3          Downloads    Modelos   Público
fernanda@debian:~$ dd if=Documentos/^C
fernanda@debian:~$ dd if=/Documentos/aluno of=/tmp/arquivo.iso
dd: falha ao abrir '/Documentos/aluno': Arquivo ou diretório inexistente
fernanda@debian:~$ dd if=Documentos/aula01 of=/tmparquivo.iso
dd: falha ao abrir '/tmparquivo.iso': Permissão negada
fernanda@debian:~$ dd if=/Documentos/aula01 of=/tmp/arquivo.iso
dd: falha ao abrir '/Documentos/aula01': Arquivo ou diretório inexistente
fernanda@debian:~$ sudo dd if=Documentos/aula01 of=/tmparquivo.iso
[sudo] senha para fernanda: 
dd: erro ao ler 'Documentos/aula01': É um diretório
0+0 registros de entrada
0+0 registros de saída
0 byte copiado, 0,00726801 s, 0,0 kB/s
fernanda@debian:~$ file Documento2
Documento2: cannot open `Documento2' (No such file or directory)
fernanda@debian:~$ ls
'Área de trabalho'   Documentos   Imagens   Música    Vídeos
 Documento3          Downloads    Modelos   Público
fernanda@debian:~$ cd Documento
bash: cd: Documento: Arquivo ou diretório inexistente
fernanda@debian:~$ cd Documentos
fernanda@debian:~/Documentos$ ls
aluno  aula01  Documento1  Documento2  LINUX
fernanda@debian:~/Documentos$ file Documento2
Documento2: ASCII text
fernanda@debian:~/Documentos$ 



